[nivel]
origen= terrenogen.png
corte_ancho=32
corte_alto=32
mapa=................................................................................................................................................................................................
     ................................................................................................................................................................................................
     ................................................................................................................................................................................................
     ................................................................................................................................................................................................
     ................................................................................................................................................................................................
     ................................................................................................................................................................................................
     ................................................................................................................................................................................................
     ................................................................................................................................................................................................
     ................................................................................................................................................................................................
     ................................................................................................................................................................................................
     ................................................................................................................................................................................................
     ................................................................................................................................................................................................
     ................................................................................................................................................................................................
     ............................#####...............................................................................................................................................................
     ................................................................................................................................................................................................
     ................................................................................................................................................................................................
     ................................................................................................................................................................................................
     ................................................................................................................................................................................................
     ...............................................................##................................................................................................................................
     ............................................................#####...............................####..............#######################...................................................................
     ...............................................................................................###########.............................#########...............................#####.............#########################.................................................................
     #...........................................................................................########################################################################################################################

[.]
nombre=Tierra
x=31
y=4
bloqueo=0
dam=0 #Daño

[#]
nombre=muro
x=8
y=6
bloque=1

[a]
nombre=agua
x=13
y=3
dam=2

[H]
nombre=Hueco
x=19
y=11

[F]
nombre=FueraMuralla
x=13
y=9

[P]
nombre=Puente
x=31
y=0

[R]
nombre=Reja
x=19
y=2
